16:12:30 **** Incremental Build of configuration Debug for project 0_led_toggle_led_CM7 ****
make -j4 all 
arm-none-eabi-gcc "../Src/main.c" -mcpu=cortex-m7 -std=gnu11 -g3 -DDEBUG -DNUCLEO_H745ZI_Q -DSTM32 -DSTM32H745ZITx -DSTM32H7DUAL -DSTM32H7 -c -I../Inc -O0 -ffunction-sections -fdata-sections -Wall -fstack-usage -fcyclomatic-complexity -MMD -MP -MF"Src/main.d" -MT"Src/main.o" --specs=nano.specs -mfpu=fpv5-d16 -mfloat-abi=hard -mthumb -o "Src/main.o"
../Src/main.c:22:4: warning: #warning "FPU is not initialized, but the project is compiling for an FPU. Please initialize the FPU before use." [-Wcpp]
   22 |   #warning "FPU is not initialized, but the project is compiling for an FPU. Please initialize the FPU before use."
      |    ^~~~~~~
arm-none-eabi-gcc -o "0_led_toggle_led_CM7.elf" @"objects.list"   -mcpu=cortex-m7 -T"D:\h7_bm_cube\0_led_toggle_led\CM7\STM32H745ZITX_FLASH.ld" --specs=nosys.specs -Wl,-Map="0_led_toggle_led_CM7.map" -Wl,--gc-sections -static --specs=nano.specs -mfpu=fpv5-d16 -mfloat-abi=hard -mthumb -Wl,--start-group -lc -lm -Wl,--end-group
Finished building target: 0_led_toggle_led_CM7.elf
 
arm-none-eabi-size   0_led_toggle_led_CM7.elf 
arm-none-eabi-objdump -h -S  0_led_toggle_led_CM7.elf  > "0_led_toggle_led_CM7.list"
arm-none-eabi-objcopy  -O ihex  0_led_toggle_led_CM7.elf  "0_led_toggle_led_CM7.hex"
   text	   data	    bss	    dec	    hex	filename
   1144	      8	   1568	   2720	    aa0	0_led_toggle_led_CM7.elf
arm-none-eabi-objcopy  -O binary  0_led_toggle_led_CM7.elf  "0_led_toggle_led_CM7.bin"
Finished building: default.size.stdout
 
Finished building: 0_led_toggle_led_CM7.hex
Finished building: 0_led_toggle_led_CM7.bin
Finished building: 0_led_toggle_led_CM7.list
 
 
 

16:12:31 Build Finished. 0 errors, 1 warnings. (took 510ms)

