12:00:37 **** Incremental Build of configuration Debug for project CabinController_CM7 ****
make -j4 all 
arm-none-eabi-gcc "../Core/Src/main.c" -mcpu=cortex-m7 -std=gnu11 -g3 -DDEBUG -DCORE_CM7 -DUSE_HAL_DRIVER -DSTM32H745xx -c -I../Core/Inc -I../../Drivers/STM32H7xx_HAL_Driver/Inc -I../../Drivers/STM32H7xx_HAL_Driver/Inc/Legacy -I../../Drivers/CMSIS/Device/ST/STM32H7xx/Include -I../../Drivers/CMSIS/Include -O0 -ffunction-sections -fdata-sections -Wall -fstack-usage -fcyclomatic-complexity -MMD -MP -MF"Core/Src/main.d" -MT"Core/Src/main.o" --specs=nano.specs -mfpu=fpv5-d16 -mfloat-abi=hard -mthumb -o "Core/Src/main.o"
arm-none-eabi-gcc -o "CabinController_CM7.elf" @"objects.list"   -mcpu=cortex-m7 -T"D:\h7_bm_cube\CabinController\CM7\STM32H745ZITX_FLASH.ld" --specs=nosys.specs -Wl,-Map="CabinController_CM7.map" -Wl,--gc-sections -static --specs=nano.specs -mfpu=fpv5-d16 -mfloat-abi=hard -mthumb -Wl,--start-group -lc -lm -Wl,--end-group
Finished building target: CabinController_CM7.elf
 
arm-none-eabi-size   CabinController_CM7.elf 
arm-none-eabi-objdump -h -S  CabinController_CM7.elf  > "CabinController_CM7.list"
   text	   data	    bss	    dec	    hex	filename
  24776	    108	   2052	  26936	   6938	CabinController_CM7.elf
Finished building: default.size.stdout
 
Finished building: CabinController_CM7.list
 

12:00:38 Build Finished. 0 errors, 0 warnings. (took 1s.85ms)

