17:58:02 **** Build of configuration Debug for project Relay_Evo_CM4 ****
make -j4 all 
arm-none-eabi-gcc -o "Relay_Evo_CM4.elf" @"objects.list"   -mcpu=cortex-m4 -T"C:\Users\Bhargav-4836\Desktop\KEIL PR\Relay_Evo\CM4\STM32H745ZITX_FLASH.ld" --specs=nosys.specs -Wl,-Map="Relay_Evo_CM4.map" -Wl,--gc-sections -static --specs=nano.specs -mfpu=fpv4-sp-d16 -mfloat-abi=hard -mthumb -Wl,--start-group -lc -lm -Wl,--end-group
Finished building target: Relay_Evo_CM4.elf
 
arm-none-eabi-size   Relay_Evo_CM4.elf 
arm-none-eabi-objdump -h -S  Relay_Evo_CM4.elf  > "Relay_Evo_CM4.list"
   text	   data	    bss	    dec	    hex	filename
   3128	     24	   1568	   4720	   1270	Relay_Evo_CM4.elf
Finished building: default.size.stdout
 
Finished building: Relay_Evo_CM4.list
 

17:58:03 Build Finished. 0 errors, 0 warnings. (took 795ms)

