16:13:28 **** Incremental Build of configuration Debug for project uart_ldr_prg_CM7 ****
make -j4 all 
arm-none-eabi-gcc "../Core/Src/main.c" -mcpu=cortex-m7 -std=gnu11 -g3 -DDEBUG -DCORE_CM7 -DUSE_HAL_DRIVER -DSTM32H745xx -c -I../Core/Inc -I../../Drivers/STM32H7xx_HAL_Driver/Inc -I../../Drivers/STM32H7xx_HAL_Driver/Inc/Legacy -I../../Drivers/CMSIS/Device/ST/STM32H7xx/Include -I../../Drivers/CMSIS/Include -O0 -ffunction-sections -fdata-sections -Wall -fstack-usage -fcyclomatic-complexity -MMD -MP -MF"Core/Src/main.d" -MT"Core/Src/main.o" --specs=nano.specs -mfpu=fpv5-d16 -mfloat-abi=hard -mthumb -o "Core/Src/main.o"
arm-none-eabi-gcc -o "uart_ldr_prg_CM7.elf" @"objects.list"   -mcpu=cortex-m7 -T"D:\h7_bm_cube\uart_ldr_prg\CM7\STM32H745ZITX_FLASH.ld" --specs=nosys.specs -Wl,-Map="uart_ldr_prg_CM7.map" -Wl,--gc-sections -static --specs=nano.specs -mfpu=fpv5-d16 -mfloat-abi=hard -mthumb -Wl,--start-group -lc -lm -Wl,--end-group
Finished building target: uart_ldr_prg_CM7.elf
 
arm-none-eabi-size   uart_ldr_prg_CM7.elf 
arm-none-eabi-objdump -h -S  uart_ldr_prg_CM7.elf  > "uart_ldr_prg_CM7.list"
   text	   data	    bss	    dec	    hex	filename
  40296	    104	   2704	  43104	   a860	uart_ldr_prg_CM7.elf
Finished building: default.size.stdout
 
Finished building: uart_ldr_prg_CM7.list
 

16:13:29 Build Finished. 0 errors, 0 warnings. (took 1s.244ms)

