12:29:39 **** Incremental Build of configuration Debug for project uart1_CM7 ****
make -j4 all 
arm-none-eabi-gcc "../Core/Src/main.c" -mcpu=cortex-m7 -std=gnu11 -g3 -DDEBUG -DCORE_CM7 -DUSE_HAL_DRIVER -DSTM32H745xx -c -I../Core/Inc -I../../Drivers/STM32H7xx_HAL_Driver/Inc -I../../Drivers/STM32H7xx_HAL_Driver/Inc/Legacy -I../../Drivers/CMSIS/Device/ST/STM32H7xx/Include -I../../Drivers/CMSIS/Include -O0 -ffunction-sections -fdata-sections -Wall -fstack-usage -fcyclomatic-complexity -MMD -MP -MF"Core/Src/main.d" -MT"Core/Src/main.o" --specs=nano.specs -mfpu=fpv5-d16 -mfloat-abi=hard -mthumb -o "Core/Src/main.o"
../Core/Src/main.c: In function 'Error_Handler':
../Core/Src/main.c:206:7: warning: variable 'var' set but not used [-Wunused-but-set-variable]
  206 |   int var = 0;
      |       ^~~
arm-none-eabi-gcc -o "uart1_CM7.elf" @"objects.list"   -mcpu=cortex-m7 -T"C:\Users\Bhargav-4836\Desktop\KEIL PR\uart1\CM7\STM32H745ZITX_FLASH.ld" --specs=nosys.specs -Wl,-Map="uart1_CM7.map" -Wl,--gc-sections -static --specs=nano.specs -mfpu=fpv5-d16 -mfloat-abi=hard -mthumb -Wl,--start-group -lc -lm -Wl,--end-group
Finished building target: uart1_CM7.elf
 
arm-none-eabi-size   uart1_CM7.elf 
arm-none-eabi-objdump -h -S  uart1_CM7.elf  > "uart1_CM7.list"
   text	   data	    bss	    dec	    hex	filename
  21072	     32	   1720	  22824	   5928	uart1_CM7.elf
Finished building: default.size.stdout
 
Finished building: uart1_CM7.list
 

12:29:41 Build Finished. 0 errors, 1 warnings. (took 1s.276ms)

